PHPUnit 12.5.8 by Sebastian Bergmann and contributors.

Runtime:       PHP 8.4.1
Configuration: C:\Users\Arnis\PhpstormProjects\yii2-datetime-behavior\phpunit.xml.dist

RRRRRFRRRRRR                                                      12 / 12 (100%)

Time: 00:00.148, Memory: 22.00 MB

Date Time Behavior (nedarta\behaviors\tests\DateTimeBehavior)
 ΓÜá Ui to db unix
 ΓÜá Db to ui unix
 ΓÜá Ui to db date time
 ΓÜá Db to ui date time
 ΓÜá Date output
 Γ£ÿ Time output
   Γöé
   Γöé Database should contain UTC time string
   Γöé Failed asserting that two strings are equal.
   Γöé --- Expected
   Γöé +++ Actual
   Γöé @@ @@
   Γöé -'10:00:00'
   Γöé +'09:00:00'
   Γöé
   Γöé C:\Users\Arnis\PhpstormProjects\yii2-datetime-behavior\tests\DateTimeBehaviorTest.php:224
   Γöé
 ΓÜá Custom output
 ΓÜá Zero timestamp unix
 ΓÜá To timestamp
 ΓÜá Ui input variations
 ΓÜá Safety check pre formatted
 ΓÜá Validation restore

There were 12 risky tests:

1) nedarta\behaviors\tests\DateTimeBehaviorTest::testUiToDbUnix
Test code or tested code removed error handlers other than its own

C:\Users\Arnis\PhpstormProjects\yii2-datetime-behavior\tests\DateTimeBehaviorTest.php:158

2) nedarta\behaviors\tests\DateTimeBehaviorTest::testDbToUiUnix
Test code or tested code removed error handlers other than its own

C:\Users\Arnis\PhpstormProjects\yii2-datetime-behavior\tests\DateTimeBehaviorTest.php:172

3) nedarta\behaviors\tests\DateTimeBehaviorTest::testUiToDbDateTime
Test code or tested code removed error handlers other than its own

C:\Users\Arnis\PhpstormProjects\yii2-datetime-behavior\tests\DateTimeBehaviorTest.php:183

4) nedarta\behaviors\tests\DateTimeBehaviorTest::testDbToUiDateTime
Test code or tested code removed error handlers other than its own

C:\Users\Arnis\PhpstormProjects\yii2-datetime-behavior\tests\DateTimeBehaviorTest.php:193

5) nedarta\behaviors\tests\DateTimeBehaviorTest::testDateOutput
Test code or tested code removed error handlers other than its own

C:\Users\Arnis\PhpstormProjects\yii2-datetime-behavior\tests\DateTimeBehaviorTest.php:203

6) nedarta\behaviors\tests\DateTimeBehaviorTest::testTimeOutput
Test code or tested code removed error handlers other than its own

C:\Users\Arnis\PhpstormProjects\yii2-datetime-behavior\tests\DateTimeBehaviorTest.php:217

7) nedarta\behaviors\tests\DateTimeBehaviorTest::testCustomOutput
Test code or tested code removed error handlers other than its own

C:\Users\Arnis\PhpstormProjects\yii2-datetime-behavior\tests\DateTimeBehaviorTest.php:227

8) nedarta\behaviors\tests\DateTimeBehaviorTest::testZeroTimestampUnix
Test code or tested code removed error handlers other than its own

C:\Users\Arnis\PhpstormProjects\yii2-datetime-behavior\tests\DateTimeBehaviorTest.php:237

9) nedarta\behaviors\tests\DateTimeBehaviorTest::testToTimestamp
Test code or tested code removed error handlers other than its own

C:\Users\Arnis\PhpstormProjects\yii2-datetime-behavior\tests\DateTimeBehaviorTest.php:255

10) nedarta\behaviors\tests\DateTimeBehaviorTest::testUiInputVariations
Test code or tested code removed error handlers other than its own

C:\Users\Arnis\PhpstormProjects\yii2-datetime-behavior\tests\DateTimeBehaviorTest.php:276

11) nedarta\behaviors\tests\DateTimeBehaviorTest::testSafetyCheckPreFormatted
Test code or tested code removed error handlers other than its own

C:\Users\Arnis\PhpstormProjects\yii2-datetime-behavior\tests\DateTimeBehaviorTest.php:291

12) nedarta\behaviors\tests\DateTimeBehaviorTest::testValidationRestore
Test code or tested code removed error handlers other than its own

C:\Users\Arnis\PhpstormProjects\yii2-datetime-behavior\tests\DateTimeBehaviorTest.php:300

FAILURES!
Tests: 12, Assertions: 19, Failures: 1, Risky: 12.
